processed_data/carrot_processed.csv
State Name,District Name,Market Name,Variety,Group,Arrivals (Tonnes),Min Price (Rs./Quintal),Max Price (Rs./Quintal),Modal Price (Rs./Quintal),Reported Date,Days,Price Range,Demand Indicator,Rolling_Modal_Price,Lag_1_Month,Lag_2_Months,Price_Change_Rate
Maharashtra,Pune,Pune,Other,Vegetables,0.6,1400,1700,1550,2024-09-25,211,300,0.00038684719535783365,1550.0,1550.0,1550.0,0.0
Maharashtra,Pune,Pune,Other,Vegetables,12.9,3000,8000,5500,2024-12-15,292,5000,0.0023450281766951462,3525.0,1550.0,1550.0,2.5483870967741935
Maharashtra,Pune,Pune,Other,Vegetables,24.7,1000,2500,1750,2024-09-26,212,1500,0.014106225014277555,2933.3333333333335,1550.0,1550.0,-0.6818181818181819
Maharashtra,Pune,Pune,Other,Vegetables,25.4,1000,4000,2500,2024-11-05,252,3000,0.010155937624950019,2825.0,1550.0,1550.0,0.4285714285714286
Maharashtra,Pune,Pune,Other,Vegetables,26.1,1000,4000,2500,2024-11-04,251,3000,0.010435825669732108,2760.0,1550.0,1550.0,0.0
Maharashtra,Pune,Pune,Other,Vegetables,26.4,1000,3500,2250,2024-10-31,247,2500,0.011728120835184363,2675.0,1550.0,1550.0,-0.09999999999999998
Maharashtra,Pune,Pune,Other,Vegetables,28.1,1000,2500,1750,2024-09-03,189,1500,0.01604797258709309,2542.8571428571427,1550.0,1550.0,-0.2222222222222222
Maharashtra,Pune,Pune,Other,Vegetables,28.1,1000,4000,2500,2024-11-06,253,3000,0.011235505797680928,2537.5,1550.0,1550.0,0.4285714285714286
Maharashtra,Pune,Pune,Other,Vegetables,28.8,1000,3000,2000,2024-10-28,244,2000,0.0143928035982009,2477.777777777778,1550.0,1550.0,-0.19999999999999996
Maharashtra,Pune,Pune,Other,Vegetables,30.1,1000,2000,1500,2024-08-19,174,1000,0.02005329780146569,2380.0,1550.0,1550.0,-0.25
Maharashtra,Pune,Pune,Other,Vegetables,30.1,1000,2500,1750,2024-05-07,70,1500,0.017190177041690465,2322.7272727272725,1550.0,1550.0,0.16666666666666674
Maharashtra,Pune,Pune,Other,Vegetables,30.1,1000,3000,2000,2024-10-21,237,2000,0.01504247876061969,2295.8333333333335,1550.0,1550.0,0.1428571428571428
Maharashtra,Pune,Pune,Other,Vegetables,30.6,1000,3500,2250,2024-10-30,246,2500,0.013593958240781875,2292.3076923076924,1550.0,1550.0,0.125
Maharashtra,Pune,Pune,Other,Vegetables,31.6,1200,2200,1700,2024-07-09,133,1000,0.018577307466196357,2250.0,1550.0,1550.0,-0.24444444444444446
Maharashtra,Pune,Pune,Other,Vegetables,31.9,1000,3500,2250,2024-10-24,240,2500,0.014171479342514438,2250.0,1550.0,1550.0,0.32352941176470584
Maharashtra,Pune,Pune,Other,Vegetables,32.5,1000,3000,2000,2024-09-09,195,2000,0.016241879060469765,2234.375,1550.0,1550.0,-0.11111111111111116
Maharashtra,Pune,Pune,Other,Vegetables,33.6,1000,4000,2500,2024-11-11,258,3000,0.013434626149540184,2250.0,1550.0,1550.0,0.25
Maharashtra,Pune,Pune,Other,Vegetables,34.3,1500,5000,3250,2024-11-15,262,3500,0.010550599815441401,2305.5555555555557,1550.0,1550.0,0.30000000000000004
Maharashtra,Pune,Pune,Other,Vegetables,35.5,1000,2500,1750,2024-08-27,182,1500,0.02027412906910337,2276.315789473684,1550.0,1550.0,-0.46153846153846156
Maharashtra,Pune,Pune,Other,Vegetables,35.6,1000,2000,1500,2024-08-21,176,1000,0.023717521652231847,2237.5,1550.0,1550.0,-0.1428571428571429
Maharashtra,Pune,Pune,Other,Vegetables,35.6,1000,5000,3000,2024-11-18,265,4000,0.011862712429190271,2273.809523809524,1550.0,1550.0,1.0
Maharashtra,Pune,Pune,Other,Vegetables,35.8,1000,2000,1500,2024-10-29,245,1000,0.023850766155896066,2238.6363636363635,1550.0,1550.0,-0.5
Maharashtra,Pune,Pune,Other,Vegetables,36.0,1000,2500,1750,2024-10-07,223,1500,0.020559680182752713,2217.391304347826,1550.0,1550.0,0.16666666666666674
Maharashtra,Pune,Pune,Other,Vegetables,36.4,1000,4000,2500,2024-10-03,219,3000,0.014554178328668533,2229.1666666666665,1550.0,1550.0,0.4285714285714286
Maharashtra,Pune,Pune,Other,Vegetables,36.5,1000,3500,2250,2024-10-22,238,2500,0.016215015548645045,2230.0,1550.0,1550.0,-0.09999999999999998
Maharashtra,Pune,Pune,Other,Vegetables,36.5,1000,4000,2500,2024-11-14,261,3000,0.014594162335065974,2240.3846153846152,1550.0,1550.0,0.11111111111111116
Maharashtra,Pune,Pune,Other,Vegetables,37.7,1000,2500,1750,2024-06-10,104,1500,0.021530553969160482,2222.222222222222,1550.0,1550.0,-0.30000000000000004
Maharashtra,Pune,Pune,Other,Vegetables,38.4,1000,2200,1600,2024-07-10,134,1200,0.023985009369144283,2200.0,1550.0,1550.0,-0.08571428571428574
Maharashtra,Pune,Pune,Other,Vegetables,38.5,1000,3000,2000,2024-10-16,232,2000,0.01924037981009495,2193.103448275862,1550.0,1550.0,0.25
Maharashtra,Pune,Pune,Other,Vegetables,38.6,1000,2500,1750,2024-05-16,79,1500,0.022044545973729297,2178.3333333333335,1550.0,1550.0,-0.125
Maharashtra,Pune,Pune,Other,Vegetables,38.8,1000,2500,1750,2024-05-21,84,1500,0.022158766419189034,2185.0,1550.0,1550.0,0.0
Maharashtra,Pune,Pune,Other,Vegetables,38.9,1000,2500,1750,2024-06-04,98,1500,0.022215876641918902,2060.0,5500.0,1550.0,0.0
Maharashtra,Pune,Pune,Other,Vegetables,39.0,1000,2200,1600,2024-05-08,71,1200,0.024359775140537165,2055.0,1750.0,1550.0,-0.08571428571428574
Maharashtra,Pune,Pune,Other,Vegetables,39.2,1000,4000,2500,2024-11-03,250,3000,0.01567373050779688,2055.0,2500.0,1550.0,0.5625
Maharashtra,Pune,Pune,Other,Vegetables,39.4,1500,4000,2750,2024-11-13,260,2500,0.014322064703744093,2063.3333333333335,2500.0,1550.0,0.10000000000000009
Maharashtra,Pune,Pune,Other,Vegetables,39.5,1000,5000,3000,2024-11-07,254,4000,0.013162279240253249,2088.3333333333335,2250.0,1550.0,0.09090909090909083
Maharashtra,Pune,Pune,Other,Vegetables,39.7,1000,2500,1750,2024-07-29,153,1500,0.022672758423757853,2088.3333333333335,1750.0,1550.0,-0.41666666666666663
Maharashtra,Pune,Pune,Other,Vegetables,40.0,500,3000,1750,2024-10-09,225,2500,0.022844089091947458,2063.3333333333335,2500.0,1550.0,0.0
Maharashtra,Pune,Pune,Other,Vegetables,40.2,1000,3000,2000,2024-06-26,120,2000,0.020089955022488757,2063.3333333333335,2000.0,1550.0,0.1428571428571428
Maharashtra,Pune,Pune,Other,Vegetables,40.2,1000,3200,2100,2024-05-20,83,2200,0.019133745835316518,2083.3333333333335,1500.0,1550.0,0.050000000000000044
Maharashtra,Pune,Pune,Other,Vegetables,40.3,1000,2500,1750,2024-06-24,118,1500,0.023015419760137063,2083.3333333333335,1750.0,1550.0,-0.16666666666666663
Maharashtra,Pune,Pune,Other,Vegetables,41.7,1000,2500,1750,2024-08-26,181,1500,0.023814962878355227,2075.0,2000.0,1550.0,0.0
Maharashtra,Pune,Pune,Other,Vegetables,42.2,1000,2500,1750,2024-05-15,78,1500,0.02410051399200457,2058.3333333333335,2250.0,1550.0,0.0
Maharashtra,Pune,Pune,Other,Vegetables,42.6,1000,2200,1600,2024-05-30,93,1200,0.02660836976889444,2055.0,1700.0,1550.0,-0.08571428571428574
Maharashtra,Pune,Pune,Other,Vegetables,42.9,500,2200,1350,2024-07-18,142,1700,0.03175425610658771,2025.0,2250.0,1550.0,-0.15625
Maharashtra,Pune,Pune,Other,Vegetables,43.0,1500,5500,3500,2024-11-21,268,4000,0.01228220508426164,2075.0,2000.0,1550.0,1.5925925925925926
Maharashtra,Pune,Pune,Other,Vegetables,43.1,1000,2500,1750,2024-06-06,100,1500,0.024614505996573388,2050.0,2500.0,1550.0,-0.5
Maharashtra,Pune,Pune,Other,Vegetables,43.2,1000,2200,1600,2024-04-25,58,1200,0.026983135540287324,1995.0,3250.0,1550.0,-0.08571428571428574
Maharashtra,Pune,Pune,Other,Vegetables,43.3,1000,3000,2000,2024-10-17,233,2000,0.0216391804097951,2003.3333333333333,1750.0,1550.0,0.25
Maharashtra,Pune,Pune,Other,Vegetables,43.4,1000,2600,1800,2024-09-12,198,1600,0.024097723486951692,2013.3333333333333,1500.0,1550.0,-0.09999999999999998
Maharashtra,Pune,Pune,Other,Vegetables,43.4,1000,3000,2000,2024-09-30,216,2000,0.021689155422288855,1980.0,3000.0,1550.0,0.11111111111111116
Maharashtra,Pune,Pune,Other,Vegetables,44.0,1400,3500,2450,2024-11-01,248,2100,0.01795185638514892,2011.6666666666667,1500.0,1550.0,0.2250000000000001
Maharashtra,Pune,Pune,Other,Vegetables,44.4,1000,2000,1500,2024-07-23,147,1000,0.029580279813457695,2003.3333333333333,1750.0,1550.0,-0.3877551020408163
Maharashtra,Pune,Pune,Other,Vegetables,44.5,1000,2500,1750,2024-05-29,92,1500,0.02541404911479155,1978.3333333333333,2500.0,1550.0,0.16666666666666674
Maharashtra,Pune,Pune,Other,Vegetables,44.6,1000,2500,1750,2024-07-01,125,1500,0.025471159337521417,1961.6666666666667,2250.0,1550.0,0.0
Maharashtra,Pune,Pune,Other,Vegetables,45.0,1000,2000,1500,2024-05-23,86,1000,0.029980013324450366,1928.3333333333333,2500.0,1550.0,-0.1428571428571429
Maharashtra,Pune,Pune,Other,Vegetables,45.6,1000,4000,2500,2024-11-12,259,3000,0.018232706917233107,1953.3333333333333,1750.0,1550.0,0.6666666666666667
Maharashtra,Pune,Pune,Other,Vegetables,45.8,1000,2200,1600,2024-06-03,97,1200,0.028607120549656462,1953.3333333333333,1600.0,1550.0,-0.36
Maharashtra,Pune,Pune,Other,Vegetables,46.0,1000,2500,1750,2024-06-17,111,1500,0.026270702455739578,1945.0,2000.0,1550.0,0.09375
Maharashtra,Pune,Pune,Other,Vegetables,46.4,1000,2200,1600,2024-08-05,160,1200,0.02898188632104934,1940.0,1750.0,1550.0,-0.08571428571428574
Maharashtra,Pune,Pune,Other,Vegetables,46.5,1000,2200,1600,2024-07-17,141,1200,0.029044347282948156,1935.0,1750.0,1550.0,0.0
Maharashtra,Pune,Pune,Other,Vegetables,46.6,1000,2200,1600,2024-04-24,57,1200,0.02910680824484697,1930.0,1750.0,5500.0,0.0
Maharashtra,Pune,Pune,Other,Vegetables,46.8,1000,2500,1750,2024-06-19,113,1500,0.026727584237578525,1935.0,1600.0,1750.0,0.09375
Maharashtra,Pune,Pune,Other,Vegetables,46.9,1000,2500,1750,2024-06-12,106,1500,0.026784694460308393,1910.0,2500.0,2500.0,0.0
Maharashtra,Pune,Pune,Other,Vegetables,47.0,1000,2500,1750,2024-04-29,62,1500,0.026841804683038265,1876.6666666666667,2750.0,2500.0,0.0
Maharashtra,Pune,Pune,Other,Vegetables,47.9,1000,2200,1600,2024-06-11,105,1200,0.029918800749531543,1830.0,3000.0,2250.0,-0.08571428571428574
Maharashtra,Pune,Pune,Other,Vegetables,47.9,1000,3500,2250,2024-10-11,227,2500,0.021279431363838294,1846.6666666666667,1750.0,1750.0,0.40625
Maharashtra,Pune,Pune,Other,Vegetables,48.0,1000,2200,1600,2024-08-06,161,1200,0.029981261711430358,1841.6666666666667,1750.0,2500.0,-0.28888888888888886
Maharashtra,Pune,Pune,Other,Vegetables,48.4,1000,3500,2250,2024-10-14,230,2500,0.021501554864504665,1850.0,2000.0,2000.0,0.40625
Maharashtra,Pune,Pune,Other,Vegetables,48.6,1000,3000,2000,2024-06-20,114,2000,0.024287856071964018,1846.6666666666667,2100.0,1500.0,-0.11111111111111116
Maharashtra,Pune,Pune,Other,Vegetables,49.1,1000,2500,1750,2024-05-22,85,1500,0.028041119360365505,1846.6666666666667,1750.0,1750.0,-0.125
Maharashtra,Pune,Pune,Other,Vegetables,49.1,1000,3500,2250,2024-10-10,226,2500,0.021812527765437583,1863.3333333333333,1750.0,2000.0,0.2857142857142858
Maharashtra,Pune,Pune,Other,Vegetables,49.1,1000,3500,2250,2024-10-23,239,2500,0.021812527765437583,1880.0,1750.0,2250.0,0.0
Maharashtra,Pune,Pune,Other,Vegetables,49.7,1000,3000,2000,2024-10-04,220,2000,0.024837581209395304,1893.3333333333333,1600.0,1700.0,-0.11111111111111116
Maharashtra,Pune,Pune,Other,Vegetables,49.8,1000,2000,1500,2024-09-11,197,1000,0.03317788141239174,1898.3333333333333,1350.0,2250.0,-0.25
Maharashtra,Pune,Pune,Other,Vegetables,49.9,1000,3000,2000,2024-09-23,209,2000,0.024937531234382807,1848.3333333333333,3500.0,2000.0,0.33333333333333326
Maharashtra,Pune,Pune,Other,Vegetables,50.0,1000,3000,2000,2024-10-02,218,2000,0.02498750624687656,1856.6666666666667,1750.0,2500.0,0.0
Maharashtra,Pune,Pune,Other,Vegetables,50.1,800,2000,1400,2024-03-27,29,1200,0.03576017130620985,1850.0,1600.0,3250.0,-0.30000000000000004
Maharashtra,Pune,Pune,Other,Vegetables,50.1,1000,6000,3500,2024-11-22,269,5000,0.0143101970865467,1900.0,2000.0,1750.0,1.5
Maharashtra,Pune,Pune,Other,Vegetables,50.2,1000,2000,1500,2024-09-24,210,1000,0.03344437041972019,1890.0,1800.0,1500.0,-0.5714285714285714
Maharashtra,Pune,Pune,Other,Vegetables,50.6,1000,2000,1500,2024-07-03,127,1000,0.033710859427048635,1873.3333333333333,2000.0,3000.0,0.0
Maharashtra,Pune,Pune,Other,Vegetables,50.6,1000,2000,1500,2024-07-16,140,1000,0.033710859427048635,1841.6666666666667,2450.0,1500.0,0.0
Maharashtra,Pune,Pune,Other,Vegetables,50.6,1000,2500,1750,2024-09-16,202,1500,0.028897772701313537,1850.0,1500.0,1750.0,0.16666666666666674
Maharashtra,Pune,Pune,Other,Vegetables,51.0,1000,2200,1600,2024-05-06,69,1200,0.03185509056839475,1845.0,1750.0,2500.0,-0.08571428571428574
Maharashtra,Pune,Pune,Other,Vegetables,51.1,1000,2200,1600,2024-05-09,72,1200,0.03191755153029357,1840.0,1750.0,2250.0,0.0
Maharashtra,Pune,Pune,Other,Vegetables,51.1,1500,5000,3250,2024-11-19,266,3500,0.015718240541371886,1898.3333333333333,1500.0,2500.0,1.03125
Maharashtra,Pune,Pune,Other,Vegetables,51.5,1000,3000,2000,2024-10-15,231,2000,0.02573713143428286,1881.6666666666667,2500.0,1750.0,-0.3846153846153846
Maharashtra,Pune,Pune,Other,Vegetables,51.6,1000,2500,1750,2024-09-10,196,1500,0.02946887492861222,1886.6666666666667,1600.0,1600.0,-0.125
Maharashtra,Pune,Pune,Other,Vegetables,52.1,1000,2200,1600,2024-05-27,90,1200,0.0325421611492817,1881.6666666666667,1750.0,2000.0,-0.08571428571428574
Maharashtra,Pune,Pune,Other,Vegetables,52.1,1000,5500,3250,2024-11-17,264,4500,0.016025838203629652,1936.6666666666667,1600.0,1750.0,1.03125
Maharashtra,Pune,Pune,Other,Vegetables,52.5,1000,2000,1500,2024-04-15,48,1000,0.03497668221185876,1933.3333333333333,1600.0,1750.0,-0.5384615384615384
Maharashtra,Pune,Pune,Other,Vegetables,52.6,1000,3000,2000,2024-10-01,217,2000,0.026286856571714142,1946.6666666666667,1600.0,1750.0,0.33333333333333326
Maharashtra,Pune,Pune,Other,Vegetables,52.7,1000,3000,2000,2024-09-02,188,2000,0.0263368315842079,1955.0,1750.0,1600.0,0.0
Maharashtra,Pune,Pune,Other,Vegetables,53.5,1000,2000,1500,2024-07-24,148,1000,0.03564290473017988,1946.6666666666667,1750.0,2500.0,-0.25
Maharashtra,Pune,Pune,Other,Vegetables,53.6,1000,2200,1600,2024-07-15,139,1200,0.033479075577763896,1941.6666666666667,1750.0,2750.0,0.06666666666666665
Maharashtra,Pune,Pune,Other,Vegetables,53.6,1000,2200,1600,2024-05-28,91,1200,0.033479075577763896,1941.6666666666667,1600.0,3000.0,0.0
Maharashtra,Pune,Pune,Other,Vegetables,54.0,1000,2500,1750,2024-09-27,213,1500,0.03083952027412907,1925.0,2250.0,1750.0,0.09375
Maharashtra,Pune,Pune,Other,Vegetables,54.7,600,2000,1300,2024-04-03,36,1400,0.0420445810914681,1915.0,1600.0,1750.0,-0.2571428571428571
Maharashtra,Pune,Pune,Other,Vegetables,54.9,1000,3000,2000,2024-10-18,234,2000,0.027436281859070464,1906.6666666666667,2250.0,2000.0,0.5384615384615385
Maharashtra,Pune,Pune,Other,Vegetables,55.0,1000,2200,1600,2024-08-08,163,1200,0.034353529044347283,1893.3333333333333,2000.0,2100.0,-0.19999999999999996
Maharashtra,Pune,Pune,Other,Vegetables,55.0,1000,2500,1750,2024-05-05,68,1500,0.03141062250142775,1893.3333333333333,1750.0,1750.0,0.09375
Maharashtra,Pune,Pune,Other,Vegetables,55.0,1000,2800,1900,2024-09-19,205,1800,0.028932140978432403,1881.6666666666667,2250.0,1750.0,0.08571428571428563
Maharashtra,Pune,Pune,Other,Vegetables,55.1,1000,2500,1750,2024-10-13,229,1500,0.03146773272415763,1865.0,2250.0,1750.0,-0.07894736842105265
Maharashtra,Pune,Pune,Other,Vegetables,55.1,1000,3000,2000,2024-06-07,101,2000,0.02753623188405797,1865.0,2000.0,1600.0,0.1428571428571428
Maharashtra,Pune,Pune,Other,Vegetables,55.4,1000,2000,1500,2024-04-22,55,1000,0.036908727514990004,1865.0,1500.0,1350.0,-0.25
Maharashtra,Pune,Pune,Other,Vegetables,55.5,1000,2500,1750,2024-08-20,175,1500,0.0316961736150771,1856.6666666666667,2000.0,3500.0,0.16666666666666674
Maharashtra,Pune,Pune,Other,Vegetables,55.7,1000,2200,1600,2024-06-13,107,1200,0.03479075577763898,1843.3333333333333,2000.0,1750.0,-0.08571428571428574
Maharashtra,Pune,Pune,Other,Vegetables,55.7,1000,2500,1750,2024-06-05,99,1500,0.03181039406053684,1855.0,1400.0,1600.0,0.09375
Maharashtra,Pune,Pune,Other,Vegetables,55.8,600,3200,1900,2024-10-25,241,2600,0.029352972119936874,1801.6666666666667,3500.0,2000.0,0.08571428571428563
Maharashtra,Pune,Pune,Other,Vegetables,56.1,1000,6000,3500,2024-11-26,273,5000,0.016023993144815767,1868.3333333333333,1500.0,1800.0,0.8421052631578947
Maharashtra,Pune,Pune,Other,Vegetables,56.7,1000,2200,1600,2024-07-12,136,1200,0.03541536539662711,1871.6666666666667,1500.0,2000.0,-0.5428571428571429
Maharashtra,Pune,Pune,Other,Vegetables,56.9,1000,2000,1500,2024-07-22,146,1000,0.037908061292471686,1871.6666666666667,1500.0,2450.0,-0.0625
Maharashtra,Pune,Pune,Other,Vegetables,57.7,1000,2200,1600,2024-05-02,65,1200,0.03603997501561524,1866.6666666666667,1750.0,1500.0,0.06666666666666665
Maharashtra,Pune,Pune,Other,Vegetables,57.8,800,2000,1400,2024-03-28,30,1200,0.04125624553890078,1860.0,1600.0,1750.0,-0.125
Maharashtra,Pune,Pune,Other,Vegetables,58.0,1000,2500,1750,2024-06-18,112,1500,0.03312392918332382,1865.0,1600.0,1750.0,0.25
Maharashtra,Pune,Pune,Other,Vegetables,58.2,800,2200,1500,2024-07-08,132,1400,0.03877415056628914,1806.6666666666667,3250.0,1500.0,-0.1428571428571429
Maharashtra,Pune,Pune,Other,Vegetables,58.5,1000,3000,2000,2024-06-27,121,2000,0.02923538230884558,1806.6666666666667,2000.0,2500.0,0.33333333333333326
Maharashtra,Pune,Pune,Other,Vegetables,58.8,1000,2200,1600,2024-08-13,168,1200,0.03672704559650219,1801.6666666666667,1750.0,1600.0,-0.19999999999999996
Maharashtra,Pune,Pune,Other,Vegetables,58.9,1200,2200,1700,2024-08-07,162,1000,0.034626690182245734,1805.0,1600.0,1750.0,0.0625
Maharashtra,Pune,Pune,Other,Vegetables,59.2,1000,2000,1500,2024-04-16,49,1000,0.039440373084610264,1746.6666666666667,3250.0,1600.0,-0.11764705882352944
Maharashtra,Pune,Pune,Other,Vegetables,59.9,1000,2500,1750,2024-07-31,155,1500,0.03420902341519132,1755.0,1500.0,1600.0,0.16666666666666674
Maharashtra,Pune,Pune,Other,Vegetables,60.1,1500,2000,1750,2024-08-29,184,500,0.03432324386065106,1746.6666666666667,2000.0,1600.0,0.0
Maharashtra,Pune,Pune,Other,Vegetables,60.3,1000,4000,2500,2024-11-08,255,3000,0.024110355857656935,1763.3333333333333,2000.0,1750.0,0.4285714285714286
Maharashtra,Pune,Pune,Other,Vegetables,60.4,1000,6000,3500,2024-11-25,272,5000,0.01725221365324193,1830.0,1500.0,1750.0,0.3999999999999999
Maharashtra,Pune,Pune,Other,Vegetables,60.5,1000,2500,1750,2024-09-05,191,1500,0.034551684751570534,1835.0,1600.0,1750.0,-0.5
