processed_data/carrot_processed.csv
State Name,District Name,Market Name,Variety,Group,Arrivals (Tonnes),Min Price (Rs./Quintal),Max Price (Rs./Quintal),Modal Price (Rs./Quintal),Reported Date,Days,Price Range,Demand Indicator,Rolling_Modal_Price,Lag_1_Month,Lag_2_Months,Price_Change_Rate
Maharashtra,Pune,Pune,Other,Vegetables,60.9,1000,2000,1500,2024-09-04,190,1000,0.040572951365756164,1831.6666666666667,1600.0,1600.0,-0.1428571428571429
Maharashtra,Pune,Pune,Other,Vegetables,61.0,1000,2000,1500,2024-08-01,156,1000,0.04063957361758828,1823.3333333333333,1750.0,2250.0,0.0
Maharashtra,Pune,Pune,Other,Vegetables,61.3,800,2000,1400,2024-04-08,41,1200,0.043754461099214846,1826.6666666666667,1300.0,1600.0,-0.06666666666666665
Maharashtra,Pune,Pune,Other,Vegetables,61.3,1000,2200,1600,2024-05-31,94,1200,0.038288569643972516,1813.3333333333333,2000.0,2250.0,0.1428571428571428
Maharashtra,Pune,Pune,Other,Vegetables,61.3,1000,2500,1750,2024-08-14,169,1500,0.03500856653340948,1818.3333333333333,1600.0,2000.0,0.09375
Maharashtra,Pune,Pune,Other,Vegetables,62.4,1000,3000,2000,2024-06-09,103,2000,0.03118440779610195,1826.6666666666667,1750.0,1750.0,0.1428571428571428
Maharashtra,Pune,Pune,Other,Vegetables,62.6,1000,2500,1750,2024-06-25,119,1500,0.03575099942889777,1821.6666666666667,1900.0,2250.0,-0.125
Maharashtra,Pune,Pune,Other,Vegetables,63.0,1000,2600,1800,2024-09-20,206,1600,0.03498056635202665,1823.3333333333333,1750.0,2250.0,0.02857142857142847
Maharashtra,Pune,Pune,Other,Vegetables,63.3,1000,2200,1600,2024-05-14,77,1200,0.03953778888194878,1810.0,2000.0,2000.0,-0.11111111111111116
Maharashtra,Pune,Pune,Other,Vegetables,64.0,1000,4000,2500,2024-11-28,275,3000,0.025589764094362255,1843.3333333333333,1500.0,1500.0,0.5625
Maharashtra,Pune,Pune,Other,Vegetables,64.1,1000,3000,2000,2024-10-20,236,2000,0.03203398300849575,1851.6666666666667,1750.0,2000.0,-0.19999999999999996
Maharashtra,Pune,Pune,Other,Vegetables,64.5,1000,2000,1500,2024-04-19,52,1000,0.04297135243171219,1848.3333333333333,1600.0,2000.0,-0.25
Maharashtra,Pune,Pune,Other,Vegetables,64.7,800,2000,1400,2024-04-09,42,1200,0.04618129907209136,1836.6666666666667,1750.0,1400.0,-0.06666666666666665
Maharashtra,Pune,Pune,Other,Vegetables,65.1,1000,2200,1600,2024-05-10,73,1200,0.04066208619612742,1826.6666666666667,1900.0,3500.0,0.1428571428571428
Maharashtra,Pune,Pune,Other,Vegetables,65.4,1000,2000,1500,2024-07-25,149,1000,0.0435709526982012,1760.0,3500.0,1500.0,-0.0625
Maharashtra,Pune,Pune,Other,Vegetables,65.4,1000,3000,2000,2024-11-10,257,2000,0.032683658170914544,1773.3333333333333,1600.0,1500.0,0.33333333333333326
Maharashtra,Pune,Pune,Other,Vegetables,65.5,800,2000,1400,2024-04-01,34,1200,0.04675231977159172,1770.0,1500.0,1500.0,-0.30000000000000004
Maharashtra,Pune,Pune,Other,Vegetables,65.5,1000,2000,1500,2025-01-15,323,1000,0.043637574950033314,1766.6666666666667,1600.0,1750.0,0.0714285714285714
Maharashtra,Pune,Pune,Other,Vegetables,65.5,1000,2000,1500,2025-02-26,365,1000,0.043637574950033314,1770.0,1400.0,1600.0,0.0
Maharashtra,Pune,Pune,Other,Vegetables,66.0,1000,2000,1500,2024-07-30,154,1000,0.04397068620919387,1761.6666666666667,1750.0,1600.0,0.0
Maharashtra,Pune,Pune,Other,Vegetables,66.2,1000,1800,1400,2024-07-26,150,800,0.04725196288365453,1758.3333333333333,1500.0,3250.0,-0.06666666666666665
Maharashtra,Pune,Pune,Other,Vegetables,66.3,1000,2000,1500,2024-07-04,128,1000,0.044170552964690205,1741.6666666666667,2000.0,2000.0,0.0714285714285714
Maharashtra,Pune,Pune,Other,Vegetables,67.0,1000,2200,1600,2024-07-19,143,1200,0.04184884447220487,1741.6666666666667,1600.0,1750.0,0.06666666666666665
Maharashtra,Pune,Pune,Other,Vegetables,67.0,1000,2500,1750,2024-08-12,167,1500,0.03826384922901199,1743.3333333333333,1700.0,1600.0,0.09375
Maharashtra,Pune,Pune,Other,Vegetables,67.5,1000,2200,1600,2024-07-02,126,1200,0.04216114928169894,1746.6666666666667,1500.0,3250.0,-0.08571428571428574
Maharashtra,Pune,Pune,Other,Vegetables,67.6,1000,3000,2000,2024-06-28,122,2000,0.03378310844577711,1755.0,1750.0,1500.0,0.25
Maharashtra,Pune,Pune,Other,Vegetables,68.4,800,1600,1200,2024-04-04,37,800,0.056952539550374694,1736.6666666666667,1750.0,2000.0,-0.4
Maharashtra,Pune,Pune,Other,Vegetables,68.4,1000,2000,1500,2024-06-02,96,1000,0.045569620253164564,1703.3333333333333,2500.0,2000.0,0.25
Maharashtra,Pune,Pune,Other,Vegetables,68.5,1000,3000,2000,2024-09-17,203,2000,0.03423288355822089,1653.3333333333333,3500.0,1500.0,0.33333333333333326
Maharashtra,Pune,Pune,Other,Vegetables,68.8,500,2500,1500,2024-08-23,178,2000,0.045836109260493,1645.0,1750.0,1600.0,-0.25
Maharashtra,Pune,Pune,Other,Vegetables,69.1,1000,2000,1500,2024-04-21,54,1000,0.046035976015989334,1645.0,1500.0,1600.0,0.0
Maharashtra,Pune,Pune,Other,Vegetables,69.3,1000,2200,1600,2024-07-05,129,1200,0.043285446595877575,1648.3333333333333,1500.0,1750.0,0.06666666666666665
Maharashtra,Pune,Pune,Other,Vegetables,70.4,1000,3000,2000,2024-10-27,243,2000,0.0351824087956022,1668.3333333333333,1400.0,1300.0,0.25
Maharashtra,Pune,Pune,Other,Vegetables,70.5,1000,2000,1500,2024-08-02,157,1000,0.04696868754163891,1665.0,1600.0,2000.0,-0.25
Maharashtra,Pune,Pune,Other,Vegetables,70.5,1000,5000,3000,2024-11-27,274,4000,0.0234921692769077,1706.6666666666667,1750.0,1600.0,1.0
Maharashtra,Pune,Pune,Other,Vegetables,70.6,1000,2200,1600,2024-05-03,66,1200,0.044097439100562144,1693.3333333333333,2000.0,1750.0,-0.4666666666666667
Maharashtra,Pune,Pune,Other,Vegetables,70.7,1000,2000,1500,2024-06-14,108,1000,0.047101932045303135,1685.0,1750.0,1900.0,-0.0625
Maharashtra,Pune,Pune,Other,Vegetables,70.8,1000,2500,1750,2024-05-17,80,1500,0.040434037692747,1683.3333333333333,1800.0,1750.0,0.16666666666666674
Maharashtra,Pune,Pune,Other,Vegetables,71.3,1000,2200,1600,2024-04-26,59,1200,0.04453466583385384,1683.3333333333333,1600.0,2000.0,-0.08571428571428574
Maharashtra,Pune,Pune,Other,Vegetables,71.6,1000,2500,1750,2024-08-22,177,1500,0.040890919474585945,1658.3333333333333,2500.0,1500.0,0.09375
Maharashtra,Pune,Pune,Other,Vegetables,72.2,1000,2000,1500,2024-05-24,87,1000,0.04810126582278481,1641.6666666666667,2000.0,1750.0,-0.1428571428571429
Maharashtra,Pune,Pune,Other,Vegetables,72.6,1600,3000,2300,2024-06-30,124,1400,0.03155149934810952,1668.3333333333333,1500.0,1600.0,0.5333333333333334
Maharashtra,Pune,Pune,Other,Vegetables,72.7,1000,2200,1600,2024-08-09,164,1200,0.04540911930043723,1675.0,1400.0,1750.0,-0.30434782608695654
Maharashtra,Pune,Pune,Other,Vegetables,73.5,1000,2500,1750,2024-09-06,192,1500,0.04197601370645346,1680.0,1600.0,1900.0,0.09375
Maharashtra,Pune,Pune,Other,Vegetables,73.5,1500,3200,2350,2024-10-06,222,1700,0.031263292216078264,1708.3333333333333,1500.0,3500.0,0.34285714285714275
Maharashtra,Pune,Pune,Other,Vegetables,74.2,1000,2500,1750,2024-09-08,194,1500,0.042375785265562536,1700.0,2000.0,1600.0,-0.25531914893617025
Maharashtra,Pune,Pune,Other,Vegetables,74.8,1000,2500,1750,2025-02-05,344,1500,0.04271844660194175,1711.6666666666667,1400.0,1500.0,0.0
Maharashtra,Pune,Pune,Other,Vegetables,74.8,1000,3000,2000,2024-06-21,115,2000,0.03738130934532734,1728.3333333333333,1500.0,1600.0,0.1428571428571428
Maharashtra,Pune,Pune,Other,Vegetables,74.9,600,2000,1300,2024-04-02,35,1400,0.05757109915449655,1721.6666666666667,1500.0,1400.0,-0.35
Maharashtra,Pune,Pune,Other,Vegetables,75.0,1000,2500,1750,2024-09-13,199,1500,0.04283266704740148,1730.0,1500.0,1750.0,0.34615384615384626
Maharashtra,Pune,Pune,Other,Vegetables,75.7,2500,6000,4250,2024-11-24,271,3500,0.017807574688308635,1825.0,1400.0,1500.0,1.4285714285714284
Maharashtra,Pune,Pune,Other,Vegetables,76.5,1000,2200,1600,2024-07-11,135,1200,0.04778263585259213,1828.3333333333333,1500.0,2000.0,-0.6235294117647059
Maharashtra,Pune,Pune,Other,Vegetables,76.7,1000,2500,1750,2024-09-22,208,1500,0.04380354083380925,1833.3333333333333,1600.0,1600.0,0.09375
Maharashtra,Pune,Pune,Other,Vegetables,77.1,500,2500,1500,2024-08-25,180,2000,0.05136575616255829,1825.0,1750.0,1700.0,-0.1428571428571429
Maharashtra,Pune,Pune,Other,Vegetables,77.2,1000,2500,1750,2024-05-26,89,1500,0.044089091947458595,1830.0,1600.0,1500.0,0.16666666666666674
Maharashtra,Pune,Pune,Other,Vegetables,77.5,1000,2200,1600,2024-08-18,173,1200,0.04840724547158026,1816.6666666666667,2000.0,1750.0,-0.08571428571428574
Maharashtra,Pune,Pune,Other,Vegetables,78.0,1000,2200,1600,2024-04-28,61,1200,0.04871955028107433,1830.0,1200.0,1750.0,0.0
Maharashtra,Pune,Pune,Other,Vegetables,79.4,800,2000,1400,2024-04-14,47,1200,0.05667380442541042,1826.6666666666667,1500.0,2500.0,-0.125
Maharashtra,Pune,Pune,Other,Vegetables,79.5,1500,4000,2750,2024-12-02,279,2500,0.028898582333696837,1851.6666666666667,2000.0,3500.0,0.9642857142857142
Maharashtra,Pune,Pune,Other,Vegetables,79.6,400,2000,1200,2024-07-07,131,1600,0.06627810158201498,1841.6666666666667,1500.0,1750.0,-0.5636363636363637
Maharashtra,Pune,Pune,Other,Vegetables,80.0,1000,2500,1750,2024-08-11,166,1500,0.045688178183894916,1850.0,1500.0,1500.0,0.45833333333333326
Maharashtra,Pune,Pune,Other,Vegetables,80.3,800,1500,1150,2024-03-07,9,700,0.06976542137271938,1835.0,1600.0,1500.0,-0.34285714285714286
Maharashtra,Pune,Pune,Other,Vegetables,80.6,1000,2200,1600,2024-07-21,145,1200,0.05034353529044347,1821.6666666666667,2000.0,1400.0,0.3913043478260869
Maharashtra,Pune,Pune,Other,Vegetables,80.9,1000,3000,2000,2024-09-15,201,2000,0.04042978510744628,1838.3333333333333,1500.0,1600.0,0.25
Maharashtra,Pune,Pune,Other,Vegetables,81.0,1000,2200,1600,2024-05-12,75,1200,0.05059337913803873,1791.6666666666667,3000.0,1750.0,-0.19999999999999996
Maharashtra,Pune,Pune,Other,Vegetables,82.4,800,2000,1400,2024-03-20,22,1200,0.058815132048536764,1785.0,1600.0,2000.0,-0.125
Maharashtra,Pune,Pune,Other,Vegetables,83.4,800,2500,1650,2024-08-28,183,1700,0.05051483949121745,1790.0,1500.0,1750.0,0.1785714285714286
Maharashtra,Pune,Pune,Other,Vegetables,84.0,800,2000,1400,2024-03-21,23,1200,0.059957173447537475,1778.3333333333333,1750.0,1800.0,-0.1515151515151515
Maharashtra,Pune,Pune,Other,Vegetables,84.3,1000,3000,2000,2024-09-01,187,2000,0.04212893553223388,1791.6666666666667,1600.0,1600.0,0.4285714285714286
Maharashtra,Pune,Pune,Other,Vegetables,84.4,1000,3000,2000,2024-06-23,117,2000,0.04217891054472764,1800.0,1750.0,2500.0,0.0
Maharashtra,Pune,Pune,Other,Vegetables,84.8,1000,3000,2000,2024-08-30,185,2000,0.042378810594702644,1816.6666666666667,1500.0,2000.0,0.0
Maharashtra,Pune,Pune,Other,Vegetables,85.1,800,2000,1400,2024-04-05,38,1200,0.06074232690935046,1786.6666666666667,2300.0,1500.0,-0.30000000000000004
Maharashtra,Pune,Pune,Other,Vegetables,86.0,1000,2000,1500,2024-08-16,171,1000,0.05729513657561625,1783.3333333333333,1600.0,1400.0,0.0714285714285714
Maharashtra,Pune,Pune,Other,Vegetables,87.9,1000,2500,1750,2024-08-04,159,1500,0.050199885779554546,1783.3333333333333,1750.0,1600.0,0.16666666666666674
Maharashtra,Pune,Pune,Other,Vegetables,88.1,1000,2000,1500,2024-03-11,13,1000,0.058694203864090605,1755.0,2350.0,1500.0,-0.1428571428571429
Maharashtra,Pune,Pune,Other,Vegetables,89.0,1400,3000,2200,2024-12-16,293,1600,0.040436165379373015,1770.0,1750.0,2000.0,0.46666666666666656
Maharashtra,Pune,Pune,Other,Vegetables,89.4,1000,2500,1750,2024-05-19,82,1500,0.05105653912050257,1770.0,1750.0,1400.0,-0.20454545454545459
Maharashtra,Pune,Pune,Other,Vegetables,89.4,1000,2500,1750,2024-07-28,152,1500,0.05105653912050257,1761.6666666666667,2000.0,1500.0,0.0
Maharashtra,Pune,Pune,Other,Vegetables,91.4,1000,2000,1500,2024-07-14,138,1000,0.06089273817455031,1768.3333333333333,1300.0,1500.0,-0.1428571428571429
Maharashtra,Pune,Pune,Other,Vegetables,92.7,800,2000,1400,2024-03-04,6,1200,0.06616702355460385,1756.6666666666667,1750.0,1500.0,-0.06666666666666665
Maharashtra,Pune,Pune,Other,Vegetables,92.7,800,2000,1400,2024-03-29,31,1200,0.06616702355460385,1661.6666666666667,4250.0,1400.0,0.0
Maharashtra,Pune,Pune,Other,Vegetables,92.8,1000,2500,1750,2024-06-16,110,1500,0.0529982866933181,1666.6666666666667,1600.0,1500.0,0.25
Maharashtra,Pune,Pune,Other,Vegetables,96.0,1000,2000,1500,2024-04-07,40,1000,0.06395736175882745,1658.3333333333333,1750.0,1600.0,-0.1428571428571429
Maharashtra,Pune,Pune,Other,Vegetables,97.1,800,2000,1400,2024-03-18,20,1200,0.06930763740185582,1655.0,1500.0,1750.0,-0.06666666666666665
Maharashtra,Pune,Pune,Other,Vegetables,98.0,1000,4000,2500,2024-12-04,281,3000,0.039184326269492205,1680.0,1750.0,1600.0,0.7857142857142858
Maharashtra,Pune,Pune,Other,Vegetables,98.8,800,2000,1400,2024-03-22,24,1200,0.07052105638829408,1673.3333333333333,1600.0,2000.0,-0.43999999999999995
Maharashtra,Pune,Pune,Other,Vegetables,100.2,800,2000,1400,2024-03-26,28,1200,0.0715203426124197,1666.6666666666667,1600.0,1200.0,0.0
Maharashtra,Pune,Pune,Other,Vegetables,101.6,600,2000,1300,2024-03-19,21,1400,0.07809377401998463,1663.3333333333333,1400.0,1500.0,-0.0714285714285714
Maharashtra,Pune,Pune,Other,Vegetables,101.6,800,2000,1400,2025-02-25,364,1200,0.07251962883654532,1618.3333333333333,2750.0,2000.0,0.07692307692307687
Maharashtra,Pune,Pune,Other,Vegetables,102.5,800,2000,1400,2024-03-13,15,1200,0.07316202712348323,1625.0,1200.0,1500.0,0.0
Maharashtra,Pune,Pune,Other,Vegetables,105.7,1500,3000,2250,2024-12-09,286,1500,0.04695690804087072,1641.6666666666667,1750.0,1500.0,0.6071428571428572
Maharashtra,Pune,Pune,Other,Vegetables,107.5,800,2000,1400,2024-03-05,7,1200,0.07673090649536046,1650.0,1150.0,1600.0,-0.37777777777777777
Maharashtra,Pune,Pune,Other,Vegetables,111.0,1000,3000,2000,2024-12-05,282,2000,0.05547226386806597,1663.3333333333333,1600.0,2000.0,0.4285714285714286
Maharashtra,Pune,Pune,Other,Vegetables,111.9,1500,3500,2500,2024-12-06,283,2000,0.04474210315873651,1680.0,2000.0,1500.0,0.25
Maharashtra,Pune,Pune,Other,Vegetables,114.2,800,2000,1400,2024-03-14,16,1200,0.08151320485367594,1673.3333333333333,1600.0,3000.0,-0.43999999999999995
Maharashtra,Pune,Pune,Other,Vegetables,116.3,1000,2000,1500,2025-02-17,356,1000,0.07748167888074617,1676.6666666666667,1400.0,1600.0,0.0714285714285714
Maharashtra,Pune,Pune,Other,Vegetables,116.4,800,2000,1400,2024-03-12,14,1200,0.08308351177730193,1668.3333333333333,1650.0,1500.0,-0.06666666666666665
Maharashtra,Pune,Pune,Other,Vegetables,119.1,1000,3000,2000,2024-12-03,280,2000,0.059520239880059965,1688.3333333333333,1400.0,1750.0,0.4285714285714286
Maharashtra,Pune,Pune,Other,Vegetables,119.8,800,1600,1200,2024-03-06,8,800,0.09975020815986678,1661.6666666666667,2000.0,1600.0,-0.4
Maharashtra,Pune,Pune,Other,Vegetables,122.9,800,2000,1400,2025-01-14,322,1200,0.08772305496074233,1641.6666666666667,2000.0,1750.0,0.16666666666666674
Maharashtra,Pune,Pune,Other,Vegetables,122.9,1000,3000,2000,2024-12-23,300,2000,0.06141929035482259,1641.6666666666667,2000.0,1500.0,0.4285714285714286
Maharashtra,Pune,Pune,Other,Vegetables,123.1,1000,2200,1600,2025-01-01,309,1200,0.0768894440974391,1648.3333333333333,1400.0,2300.0,-0.19999999999999996
Maharashtra,Pune,Pune,Other,Vegetables,125.2,800,2000,1400,2024-03-08,10,1200,0.08936473947180586,1645.0,1500.0,1600.0,-0.125
Maharashtra,Pune,Pune,Other,Vegetables,128.0,1500,3000,2250,2024-12-10,287,1500,0.056863616170590846,1661.6666666666667,1750.0,1750.0,0.6071428571428572
Maharashtra,Pune,Pune,Other,Vegetables,128.6,1000,2500,1750,2024-12-19,296,1500,0.07344374643061108,1670.0,1500.0,2350.0,-0.2222222222222222
Maharashtra,Pune,Pune,Other,Vegetables,130.8,1500,3500,2500,2024-12-11,288,2000,0.052299080367852864,1680.0,2200.0,1750.0,0.4285714285714286
Maharashtra,Pune,Pune,Other,Vegetables,132.4,800,2500,1650,2024-03-15,17,1700,0.0801938219261054,1676.6666666666667,1750.0,1750.0,-0.33999999999999997
Maharashtra,Pune,Pune,Other,Vegetables,132.4,1000,2000,1500,2025-02-24,363,1000,0.0882078614257162,1668.3333333333333,1750.0,2000.0,-0.09090909090909094
Maharashtra,Pune,Pune,Other,Vegetables,132.9,1000,2000,1500,2025-01-29,337,1000,0.08854097268487675,1668.3333333333333,1500.0,1300.0,0.0
Maharashtra,Pune,Pune,Other,Vegetables,133.3,1000,2000,1500,2024-02-28,1,1000,0.0888074616922052,1671.6666666666667,1400.0,1750.0,0.0
Maharashtra,Pune,Pune,Other,Vegetables,134.1,1000,3000,2000,2024-03-24,26,2000,0.06701649175412294,1691.6666666666667,1400.0,4250.0,0.33333333333333326
Maharashtra,Pune,Pune,Other,Vegetables,135.9,1000,2400,1700,2025-01-02,310,1400,0.07989417989417989,1690.0,1750.0,1600.0,-0.15000000000000002
Maharashtra,Pune,Pune,Other,Vegetables,136.8,1000,2200,1600,2024-12-30,307,1200,0.08544659587757653,1693.3333333333333,1500.0,1750.0,-0.05882352941176472
Maharashtra,Pune,Pune,Other,Vegetables,138.9,1000,2500,1750,2025-01-20,328,1500,0.07932609937178756,1705.0,1400.0,1500.0,0.09375
Maharashtra,Pune,Pune,Other,Vegetables,139.2,1000,2500,1750,2025-02-27,366,1500,0.07949743003997715,1680.0,2500.0,1750.0,0.0
Maharashtra,Pune,Pune,Other,Vegetables,140.1,1000,2500,1750,2025-01-06,314,1500,0.08001142204454598,1691.6666666666667,1400.0,1600.0,0.0
Maharashtra,Pune,Pune,Other,Vegetables,140.2,800,2500,1650,2024-03-17,19,1700,0.08491823137492428,1700.0,1400.0,1600.0,-0.05714285714285716
Maharashtra,Pune,Pune,Other,Vegetables,141.0,1000,2500,1750,2025-01-17,325,1500,0.08052541404911479,1715.0,1300.0,1400.0,0.06060606060606055
Maharashtra,Pune,Pune,Other,Vegetables,141.2,1000,2000,1500,2024-03-31,33,1000,0.09407061958694203,1718.3333333333333,1400.0,2750.0,-0.1428571428571429
Maharashtra,Pune,Pune,Other,Vegetables,141.3,1000,3000,2000,2024-12-24,301,2000,0.07061469265367316,1738.3333333333333,1400.0,1200.0,0.33333333333333326
Maharashtra,Pune,Pune,Other,Vegetables,142.9,1000,3000,2000,2024-12-12,289,2000,0.07141429285357322,1730.0,2250.0,1750.0,0.0
Maharashtra,Pune,Pune,Other,Vegetables,144.5,800,2500,1650,2024-02-29,2,1700,0.08752271350696547,1738.3333333333333,1400.0,1150.0,-0.17500000000000004
Maharashtra,Pune,Pune,Other,Vegetables,145.1,1000,2000,1500,2025-01-21,329,1000,0.0966688874083944,1721.6666666666667,2000.0,1600.0,-0.09090909090909094
