processed_data/carrot_processed.csv
State Name,District Name,Market Name,Variety,Group,Arrivals (Tonnes),Min Price (Rs./Quintal),Max Price (Rs./Quintal),Modal Price (Rs./Quintal),Reported Date,Days,Price Range,Demand Indicator,Rolling_Modal_Price,Lag_1_Month,Lag_2_Months,Price_Change_Rate
Maharashtra,Pune,Pune,Other,Vegetables,147.0,1000,3000,2000,2024-12-18,295,2000,0.0734632683658171,1705.0,2500.0,2000.0,0.33333333333333326
Maharashtra,Pune,Pune,Other,Vegetables,148.2,1000,2800,1900,2025-01-07,315,1800,0.0779589689637033,1721.6666666666667,1400.0,1600.0,-0.050000000000000044
Maharashtra,Pune,Pune,Other,Vegetables,148.3,1000,2000,1500,2024-12-31,308,1000,0.098800799467022,1721.6666666666667,1500.0,1400.0,-0.21052631578947367
Maharashtra,Pune,Pune,Other,Vegetables,150.0,1000,2000,1500,2025-02-20,359,1000,0.09993337774816789,1725.0,1400.0,1650.0,0.0
Maharashtra,Pune,Pune,Other,Vegetables,150.2,1000,2000,1500,2025-01-16,324,1000,0.1000666222518321,1708.3333333333333,2000.0,1400.0,0.0
Maharashtra,Pune,Pune,Other,Vegetables,151.8,1000,2000,1500,2025-02-19,358,1000,0.10113257828114591,1718.3333333333333,1200.0,2000.0,0.0
Maharashtra,Pune,Pune,Other,Vegetables,156.3,1000,2500,1750,2025-01-23,331,1500,0.0892632781267847,1730.0,1400.0,2000.0,0.16666666666666674
Maharashtra,Pune,Pune,Other,Vegetables,156.7,1000,2200,1600,2025-01-22,330,1200,0.09787632729544034,1716.6666666666667,2000.0,2000.0,-0.08571428571428574
Maharashtra,Pune,Pune,Other,Vegetables,156.8,1500,2500,2000,2024-12-13,290,1000,0.0783608195902049,1730.0,1600.0,1400.0,0.25
Maharashtra,Pune,Pune,Other,Vegetables,157.4,1000,1800,1400,2025-02-13,352,800,0.11234832262669522,1730.0,1400.0,1500.0,-0.30000000000000004
Maharashtra,Pune,Pune,Other,Vegetables,157.4,1000,5000,3000,2024-12-08,285,4000,0.05244918360546485,1755.0,2250.0,1750.0,1.1428571428571428
Maharashtra,Pune,Pune,Other,Vegetables,160.9,1000,2000,1500,2024-12-26,303,1000,0.10719520319786809,1746.6666666666667,1750.0,1500.0,-0.5
Maharashtra,Pune,Pune,Other,Vegetables,162.3,1000,2800,1900,2025-01-09,317,1800,0.08537611783271963,1726.6666666666667,2500.0,2200.0,0.2666666666666666
Maharashtra,Pune,Pune,Other,Vegetables,162.7,1000,2600,1800,2025-01-03,311,1600,0.09033870072182121,1731.6666666666667,1650.0,1750.0,-0.052631578947368474
Maharashtra,Pune,Pune,Other,Vegetables,163.7,1000,2000,1500,2025-02-18,357,1000,0.10906062624916721,1731.6666666666667,1500.0,1750.0,-0.16666666666666663
Maharashtra,Pune,Pune,Other,Vegetables,164.1,1000,2000,1500,2025-01-28,336,1000,0.10932711525649566,1731.6666666666667,1500.0,1500.0,0.0
Maharashtra,Pune,Pune,Other,Vegetables,164.2,1200,2600,1900,2025-01-08,316,1400,0.08637559179379274,1745.0,1500.0,1400.0,0.2666666666666666
Maharashtra,Pune,Pune,Other,Vegetables,166.6,1000,2000,1500,2025-01-30,338,1000,0.11099267155229846,1728.3333333333333,2000.0,1400.0,-0.21052631578947367
Maharashtra,Pune,Pune,Other,Vegetables,167.6,800,4000,2400,2024-03-01,3,3200,0.0698042482299042,1751.6666666666667,1700.0,1750.0,0.6000000000000001
Maharashtra,Pune,Pune,Other,Vegetables,167.9,800,1500,1150,2024-03-03,5,700,0.14587315377932233,1736.6666666666667,1600.0,1500.0,-0.5208333333333333
Maharashtra,Pune,Pune,Other,Vegetables,170.7,1000,2500,1750,2024-12-25,302,1500,0.09748715019988577,1736.6666666666667,1750.0,1400.0,0.5217391304347827
Maharashtra,Pune,Pune,Other,Vegetables,173.5,1000,2500,1750,2025-01-13,321,1500,0.0990862364363221,1736.6666666666667,1750.0,2500.0,0.0
Maharashtra,Pune,Pune,Other,Vegetables,176.5,1400,3200,2300,2024-12-17,294,1800,0.0767057800956106,1755.0,1750.0,1400.0,0.3142857142857143
Maharashtra,Pune,Pune,Other,Vegetables,178.8,1000,2500,1750,2025-01-27,335,1500,0.10211307824100514,1758.3333333333333,1650.0,1400.0,-0.23913043478260865
Maharashtra,Pune,Pune,Other,Vegetables,181.2,1200,2000,1600,2025-02-04,343,800,0.11317926296064959,1753.3333333333333,1750.0,1300.0,-0.08571428571428574
Maharashtra,Pune,Pune,Other,Vegetables,181.7,1000,2500,1750,2024-12-20,297,1500,0.10376927470017132,1761.6666666666667,1500.0,1400.0,0.09375
Maharashtra,Pune,Pune,Other,Vegetables,182.4,1000,2000,1500,2025-02-21,360,1000,0.12151898734177216,1745.0,2000.0,1400.0,-0.1428571428571429
Maharashtra,Pune,Pune,Other,Vegetables,185.5,800,2000,1400,2024-03-10,12,1200,0.13240542469664526,1725.0,2000.0,2250.0,-0.06666666666666665
Maharashtra,Pune,Pune,Other,Vegetables,187.6,1000,2000,1500,2025-02-14,353,1000,0.12498334443704197,1720.0,1650.0,1400.0,0.0714285714285714
Maharashtra,Pune,Pune,Other,Vegetables,188.0,1000,1500,1250,2024-02-27,0,500,0.15027977617905675,1711.6666666666667,1500.0,2000.0,-0.16666666666666663
Maharashtra,Pune,Pune,Other,Vegetables,189.7,1000,2500,1750,2025-01-31,339,1500,0.10833809251856082,1703.3333333333333,2000.0,2500.0,0.3999999999999999
Maharashtra,Pune,Pune,Other,Vegetables,191.6,1000,4000,2500,2024-12-22,299,3000,0.076609356257497,1723.3333333333333,1900.0,1400.0,0.4285714285714286
Maharashtra,Pune,Pune,Other,Vegetables,191.8,1000,2000,1500,2025-02-06,345,1000,0.12778147901399067,1723.3333333333333,1500.0,1500.0,-0.4
Maharashtra,Pune,Pune,Other,Vegetables,192.6,1000,2000,1500,2024-12-27,304,1000,0.12831445702864758,1723.3333333333333,1500.0,1400.0,0.0
Maharashtra,Pune,Pune,Other,Vegetables,193.5,1000,2000,1500,2025-01-19,327,1000,0.12891405729513658,1723.3333333333333,1500.0,2000.0,0.0
Maharashtra,Pune,Pune,Other,Vegetables,195.2,1000,2000,1500,2025-02-16,355,1000,0.13004663557628246,1723.3333333333333,1500.0,1200.0,0.0
Maharashtra,Pune,Pune,Other,Vegetables,212.9,1000,2000,1500,2025-02-23,362,1000,0.14183877415056628,1715.0,1750.0,1400.0,0.0
Maharashtra,Pune,Pune,Other,Vegetables,217.4,1000,2500,1750,2024-12-29,306,1500,0.12415762421473445,1720.0,1600.0,2000.0,0.16666666666666674
Maharashtra,Pune,Pune,Other,Vegetables,222.3,1000,2000,1500,2025-02-07,346,1000,0.14810126582278482,1703.3333333333333,2000.0,1600.0,-0.1428571428571429
Maharashtra,Pune,Pune,Other,Vegetables,229.3,1000,2500,1750,2025-01-10,318,1500,0.13095374071958882,1715.0,1400.0,1400.0,0.16666666666666674
Maharashtra,Pune,Pune,Other,Vegetables,230.4,1000,2000,1500,2025-02-02,341,1000,0.15349766822118588,1665.0,3000.0,2250.0,-0.1428571428571429
Maharashtra,Pune,Pune,Other,Vegetables,233.4,1000,2600,1800,2025-01-05,313,1600,0.12959466962798447,1675.0,1500.0,1750.0,0.19999999999999996
Maharashtra,Pune,Pune,Other,Vegetables,245.7,1500,2000,1750,2025-01-24,332,500,0.14031981724728726,1670.0,1900.0,2500.0,-0.02777777777777779
Maharashtra,Pune,Pune,Other,Vegetables,450.4,1500,3000,2250,2025-01-12,320,1500,0.20008884940026653,1685.0,1800.0,1650.0,0.2857142857142858
Maharashtra,Pune,Pune,Other,Vegetables,586.0,1000,2000,1500,2025-02-03,342,1000,0.39040639573617586,1685.0,1500.0,1500.0,-0.33333333333333337
